make: *** No rule to make target 'disclean'.  Stop.
WARNING: Kernel address maps (/proc/{kallsyms,modules}) are restricted,
check /proc/sys/kernel/kptr_restrict and /proc/sys/kernel/perf_event_paranoid.

Samples in kernel functions may not be resolved if a suitable vmlinux
file is not found in the buildid cache or in the vmlinux path.

Samples in kernel modules won't be resolved at all.

If some relocation was applied (e.g. kexec) symbols may be misresolved
even with a suitable vmlinux or kallsyms file.

WARNING: Kernel address maps (/proc/{kallsyms,modules}) are restricted,
check /proc/sys/kernel/kptr_restrict and /proc/sys/kernel/perf_event_paranoid.

Samples in kernel functions may not be resolved if a suitable vmlinux
file is not found in the buildid cache or in the vmlinux path.

Samples in kernel modules won't be resolved at all.

If some relocation was applied (e.g. kexec) symbols may be misresolved
even with a suitable vmlinux or kallsyms file.

WARNING: Kernel address maps (/proc/{kallsyms,modules}) are restricted,
check /proc/sys/kernel/kptr_restrict and /proc/sys/kernel/perf_event_paranoid.

Samples in kernel functions may not be resolved if a suitable vmlinux
file is not found in the buildid cache or in the vmlinux path.

Samples in kernel modules won't be resolved at all.

If some relocation was applied (e.g. kexec) symbols may be misresolved
even with a suitable vmlinux or kallsyms file.

WARNING: Kernel address maps (/proc/{kallsyms,modules}) are restricted,
check /proc/sys/kernel/kptr_restrict and /proc/sys/kernel/perf_event_paranoid.

Samples in kernel functions may not be resolved if a suitable vmlinux
file is not found in the buildid cache or in the vmlinux path.

Samples in kernel modules won't be resolved at all.

If some relocation was applied (e.g. kexec) symbols may be misresolved
even with a suitable vmlinux or kallsyms file.

Couldn't record kernel reference relocation symbol
Symbol resolution may be skewed if relocation was used (e.g. kexec).
Check /proc/kallsyms permission or run as root.
Couldn't record kernel reference relocation symbol
Symbol resolution may be skewed if relocation was used (e.g. kexec).
Check /proc/kallsyms permission or run as root.
Couldn't record kernel reference relocation symbol
Symbol resolution may be skewed if relocation was used (e.g. kexec).
Check /proc/kallsyms permission or run as root.
Couldn't record kernel reference relocation symbol
Symbol resolution may be skewed if relocation was used (e.g. kexec).
Check /proc/kallsyms permission or run as root.
Events disabled
Events disabled
Events disabled
Events disabled
Events enabled
Events enabled
Events enabled
Events enabled
[ perf record: Woken up 3122 times to write data ]
[ perf record: Woken up 3064 times to write data ]
[ perf record: Woken up 3181 times to write data ]
[ perf record: Woken up 3216 times to write data ]
[ perf record: Captured and wrote 766.625 MB /leonardo_scratch/large/userexternal/ctica000/diffusion/perf_25653202/perf.data.rank2 (94831 samples) ]
[ perf record: Captured and wrote 781.223 MB /leonardo_scratch/large/userexternal/ctica000/diffusion/perf_25653202/perf.data.rank3 (96643 samples) ]
[ perf record: Captured and wrote 795.539 MB /leonardo_scratch/large/userexternal/ctica000/diffusion/perf_25653202/perf.data.rank0 (98345 samples) ]
Warning:
Processed 133982 events and lost 3 chunks!

Check IO/CPU overload!

[ perf record: Captured and wrote 804.270 MB /leonardo_scratch/large/userexternal/ctica000/diffusion/perf_25653202/perf.data.rank1 (99428 samples) ]
